C51 COMPILER V9.56.0.0   TIMER                                                             12/21/2020 12:13:22 PAGE 1   


C51 COMPILER V9.56.0.0, COMPILATION OF MODULE TIMER
OBJECT MODULE PLACED IN .\Objects\timer.obj
COMPILER INVOKED BY: C:\program_list\keil\C51\BIN\C51.EXE ..\Device\timer\timer.c LARGE OPTIMIZE(8,SPEED) BROWSE INCDIR(
                    -..\Device\LED;..\Device\system_digital_tube;..\Device\BEEP;..\Device\timer;..\Device\key;..\Device\uart;..\Device\adc) D
                    -EBUG OBJECTEXTEND PRINT(.\Listings\timer.lst) OBJECT(.\Objects\timer.obj)

line level    source

   1          #include "timer.h"
   2          #include "system_digital_tube.h"
   3          #include "Beep.h"
   4          
   5          u8 systick_10ms = 0;
   6          u16 systick_2ms = 0;
   7          void timer_Init_Config ( void )
   8          {
   9   1              TCON1 = 0x00;                                           //Tx0定时器时钟为Fosc/12
  10   1              TMOD = 0x00;                                            //16位重装载定时器/计数器
  11   1              //定时10ms
  12   1              //反推初值  = 65536 - ((10/1000) / (1/(Fosc / Timer分频系数)))
  13   1              //                      = 65536 - ((10/1000) / (1/(16000000 / 12)))
  14   1              //                      = 65536 - 13333
  15   1              //                      = 0xCBEC
  16   1              // TH0 = 0xCB;
  17   1              // TL0 = 0xEB;                                                  //T0定时时间10ms  16MHZ
  18   1              TH0 = 0xF5;
  19   1              TL0 = 0x96;                                             //T0定时时间2ms  16MHZ
  20   1              TF0 = 0;//清除中断标志
  21   1              ET0 = 1;//打开T0中断
  22   1              TR0 = 1;//使能T0
  23   1      
  24   1      
  25   1      }
  26          void Timer0Interrupt ( void ) interrupt TIMER0_VECTOR
  27          {
  28   1              systick_2ms++;
  29   1              if ( ++systick_2ms % 5 == 0 )
  30   1              {
  31   2                      systick_10ms = 1;
  32   2                      key_handle();
*** WARNING C206 IN LINE 32 OF ..\Device\timer\timer.c: 'key_handle': missing function-prototype
  33   2              }
  34   1              if ( systick_2ms > 0xfff0 )
  35   1              {
  36   2                      systick_2ms = 0;
  37   2              }
  38   1              digital_tube_timer_handle ( tube_num );
  39   1              TF0 = 0;//清除中断标志
  40   1              //具体代码
  41   1      }
  42          
  43          


MODULE INFORMATION:   STATIC OVERLAYABLE
   CODE SIZE        =    165    ----
   CONSTANT SIZE    =   ----    ----
   XDATA SIZE       =      3    ----
   PDATA SIZE       =   ----    ----
   DATA SIZE        =   ----    ----
   IDATA SIZE       =   ----    ----
C51 COMPILER V9.56.0.0   TIMER                                                             12/21/2020 12:13:22 PAGE 2   

   BIT SIZE         =   ----    ----
END OF MODULE INFORMATION.


C51 COMPILATION COMPLETE.  1 WARNING(S),  0 ERROR(S)
